Options: --badrand=_ --groups=Empires --seed=1606807888
From Empires
   Capital
   Castles
   Catapult+Rocks
   Charm
   City Quarter
   Crown
   Encampment+Plunder
   Engineer
   Groundskeeper
   Overlord
From base
   Copper
   Curse
   Duchy
   Estate
   Gold
   Province
   Silver
Need the following items:
   debt tokens
   points(shield) tokens
