Options: --badrand=_ --groups=Guilds --seed=1606807888
From Guilds
   Advisor
   Baker
   Butcher
   Candlestick Maker
   Doctor
   Herald
   Journeyman
   Masterpiece
   Merchant Guild
   Plaza
From base
   Copper
   Curse
   Duchy
   Estate
   Gold
   Province
   Silver
Need the following items:
   coffers/villagers mat
   coin tokens
