Options: --badrand=_ --groups=Dominion-core --seed=1606807888
From Dominion-core
   Bureaucrat
   Cellar
   Festival
   Laboratory
   Library
   Market
   Militia
   Moat
   Remodel
   Throne Room
From base
   Copper
   Curse
   Duchy
   Estate
   Gold
   Province
   Silver
