Options: --badrand=_ --include=Witch --no-anti-cursor=_ --seed=100 --why=_
From Adventures
   Page (<why?general>)
From Adventures-Traveller-page
   Champion (<why?cards:Page needs it>)
   Hero (<why?cards:Page needs it>)
   Treasure Hunter (<why?cards:Page needs it>)
   Warrior (<why?cards:Page needs it>)
From DarkAges
   Poor House (<why?general>)
   Storeroom (<why?general>)
From Dominion-core
   Moat (<why?counterAttack>)
   Moneylender (<why?general>)
   Smithy (<why?general>)
   Witch (<why?--included>)
From Dominion-v1
   Feast (<why?general>)
From Intrigue-core
   Minion (<why?general>)
From Seaside
   Ghost Ship (<why?general>)
From base
   Copper
   Curse
   Duchy
   Estate
   Gold
   Province
   Silver
