Options: --badrand=_ --landscape-count=5 --seed=12345
From Adventures
   Caravan Guard
   Coin of the Realm
   Relic
From Adventures-Events
   Expedition
   Seaway
   Travelling Fair
From DarkAges
   Cultist
   Vagrant
From DarkAges-base
   Hovel (Replaces Estate in starting deck)
   Necropolis (Replaces Estate in starting deck)
   Overgrown Estate (Replaces Estate in starting deck)
From Empires
   City Quarter
   Encampment+Plunder
   Wild Hunt
From Empires-Landmarks
   Palace
   Tomb
From Hinterlands
   Trader
From Intrigue-v2
   Lurker
From base
   Copper
   Curse
   Duchy
   Estate
   Gold
   Province
   Silver
Need the following items:
   +1buytoken
   -1cardtoken
   debt tokens
   points(shield) tokens
   tavernmat
