Options: --badrand=_ --seed=13104 --why=_
From DarkAges
   Altar (<why?general>)
   Sage (<why?general>)
From DarkAges-base
   Hovel (<why?had enough DarkAges cards>, Replaces Estate in starting deck)
   Necropolis (<why?had enough DarkAges cards>, Replaces Estate in starting deck)
   Overgrown Estate (<why?had enough DarkAges cards>, Replaces Estate in starting deck)
From Dominion-v1
   Feast (<why?general>)
From Empires
   Royal Blacksmith (<why?general>)
From Guilds
   Butcher (<why?general>)
   Journeyman (<why?general>)
From Hinterlands
   Border Village (<why?general>)
   Nomad Camp (<why?general>)
From Intrigue-core
   Mining Village (<why?general>)
   Nobles (<why?general>)
From base
   Copper
   Curse
   Duchy
   Estate
   Gold
   Province
   Silver
Need the following items:
   coffers/villagers mat
   coin tokens
   debt tokens
