Options: --badrand=_ --seed=13401
From Cornucopia
   Fairgrounds
   Hamlet
   Horse Traders
From DarkAges
   Sage
From Dominion-core
   Laboratory
From Empires
   Legionary
   Patrician+Emporium
From Intrigue-core
   Conspirator
From Menagerie
   Cardinal
   Sheepdog
From base
   Copper
   Curse
   Duchy
   Estate
   Gold
   Province
   Silver
Need the following items:
   points(shield) tokens
