Options: --badrand=_ --seed=3401 --why=_
From Adventures
   Amulet (<why?general>)
   Lost City (<why?general>)
From Cornucopia
   Farming Village (<why?general>)
From DarkAges
   Beggar (<why?general>)
From Dominion-core
   Festival (<why?general>)
   Throne Room (<why?general>)
From Dominion-v1
   Spy (<why?general>)
From Dominion-v2
   Poacher (<why?general>)
From Hinterlands
   Oracle (<why?general>)
   Scheme (<why?general>)
From base
   Copper
   Curse
   Duchy
   Estate
   Gold
   Province
   Silver
