Options: --badrand=_ --groups=Adventures,Adventures-Traveller-page,Adventures-Traveller-peasant --seed=3
From Adventures
   Artificer
   Caravan Guard
   Distant Lands
   Gear
   Guide
   Ranger
   Raze
   Royal Carriage
   Transmogrify
   Wine Merchant
From base
   Copper
   Curse
   Duchy
   Estate
   Gold
   Province
   Silver
Need the following items:
   journeytoken
   tavernmat
