Options: --badrand=_ --seed=54
From Adventures
   Miser
   Raze
From Cornucopia
   Harvest
From Dominion-core
   Council Room
From Dominion-v1
   Spy
   Woodcutter
From Empires
   Royal Blacksmith
From Empires-Landmarks
   Tomb
From Hinterlands
   Embasssy
From Menagerie
   Groom
From Menagerie-Horse
   Horse
From Nocturne
   Faithful Hound
From base
   Copper
   Curse
   Duchy
   Estate
   Gold
   Province
   Silver
Need the following items:
   debt tokens
   points(shield) tokens
   tavernmat
