Options: --badrand=_ --info=_ --seed=55055
From Adventures-Events
   Quest          types=Event costs={(0,,)}
From DarkAges
   Beggar         types=Action, Reaction costs={(2,,)}
From Dominion-v1
   Spy            types=Action, Attack costs={(4,,)}
From Empires
   Castles        types=Action, Castle, Treasure, Victory costs={(3,,), (4,,), (5,,), (6,,), (7,,), (8,,), (9,,), (10,,)}
From Empires-Landmarks
   Defiled Shrine types=Landmark costs={(,,)}
From Hinterlands
   Oracle         types=Action, Attack costs={(3,,)}
From Intrigue-core
   Courtyard      types=Action costs={(2,,)}
From Menagerie
   Hunting Lodge  types=Action costs={(5,,)}
From Nocturne
   Secret Cave    types=Action, Duration costs={(3,,)}
From Nocturne-Heirlooms
   Magic Lamp (Replaces one Copper in starting deck)     types=Heirloom, Treasure costs={(0,,)}
From Prosperity
   Royal Seal     types=Treasure costs={(5,,)}
From Renaissance
   Acting Troup   types=Action costs={(3,,)}
From Seaside
   Salvager       types=Action costs={(4,,)}
From base
   Copper         types=Treasure costs={(0,,)}
   Curse          types=Curse costs={(0,,)}
   Duchy          types=Victory costs={(5,,)}
   Estate         types=Victory costs={(2,,)}
   Gold           types=Treasure costs={(6,,)}
   Province       types=Victory costs={(8,,)}
   Silver         types=Treasure costs={(3,,)}
Need the following items:
   coffers/villagers mat
   coin tokens
   points(shield) tokens
