Options: --badrand=_ --max-prefixes=3 --seed=6
From Empires
   Castles
   Engineer
   Forum
   Groundskeeper
From Guilds
   Butcher
From Intrigue-core
   Bridge
   Courtyard
   Shanty Town
   Wishing Well
From Intrigue-v1
   Secret Chamber
From base
   Copper
   Curse
   Duchy
   Estate
   Gold
   Province
   Silver
Need the following items:
   coffers/villagers mat
   coin tokens
   debt tokens
   points(shield) tokens
