Options: --badrand=_ --max-prefixes=2 --seed=6
From Empires
   Castles
   Charm
   Farmers' Market
   Forum
   Groundskeeper
   Sacrifice
   Settlers+Bustling Village
   Temple
From Guilds
   Butcher
   Masterpiece
From base
   Copper
   Curse
   Duchy
   Estate
   Gold
   Province
   Silver
Need the following items:
   coffers/villagers mat
   coin tokens
   points(shield) tokens
