Options: --badrand=_ --max-prefixes=1 --seed=6
From Empires
   Capital
   Castles
   Catapult+Rocks
   Charm
   City Quarter
   Crown
   Engineer
   Forum
   Patrician+Emporium
   Sacrifice
From base
   Copper
   Curse
   Duchy
   Estate
   Gold
   Province
   Silver
Need the following items:
   debt tokens
   points(shield) tokens
